C51 COMPILER V9.53.0.0   SENDMESSAGE                                                       05/15/2019 13:52:04 PAGE 1   


C51 COMPILER V9.53.0.0, COMPILATION OF MODULE SENDMESSAGE
OBJECT MODULE PLACED IN .\Objects\SendMessage.obj
COMPILER INVOKED BY: C:\Keil_v5\C51\BIN\C51.EXE SendMessage.c OPTIMIZE(8,SPEED) BROWSE DEBUG OBJECTEXTEND PRINT(.\Listin
                    -gs\SendMessage.lst) TABS(2) OBJECT(.\Objects\SendMessage.obj)

line level    source

   1          #include "SendMessage.h"
   2          
   3          void Init_RS485()
   4          {
   5   1        RE = 1;
   6   1        DE = 1;             // 配置为发送模式
   7   1      }
   8          
   9          
  10          void Init_Timer0(void)
  11          {
  12   1       TMOD |= 0x01;    //使用模式1，16位定时器，使用"|"符号可以在使用多个定时器时不受影响         
  13   1       TH0=(65536-20000)/256;     //重新赋值 20ms
  14   1       TL0=(65536-20000)%256;
  15   1       EA=1;            //总中断打开
  16   1       ET0=1;           //定时器中断打开
  17   1       TR0=1;           //定时器开关打开
  18   1      }
  19          
  20          void Timer0_isr(void) interrupt 1 
  21          {
  22   1        TH0=(65536-20000)/256;  //重新赋值 20ms
  23   1        TL0=(65536-20000)%256;  
  24   1        time_20ms++;
  25   1        if(time_20ms%2==0)     //定时更新显示
  26   1        {
  27   2          disFlag = 1;
  28   2        }
  29   1      
  30   1      }
  31          void UART_Init(void)
  32          {
  33   1          SCON  = 0x50;               // SCON: 模式 1, 8-bit UART, 使能接收  
  34   1          TMOD |= 0x20;               // TMOD: timer 1, mode 2, 8-bit 重装
  35   1          TH1   = 0xFD;               // TH1:  重装值 9600 波特率 晶振 11.0592MHz  
  36   1          TR1   = 1;                  // TR1:  timer 1 打开                         
  37   1          EA    = 1;                  //打开总中断
  38   1          ES    = 1;                  //打开串口中断
  39   1      }
  40          
  41          void uartSendByte(unsigned char dat)
  42          {
  43   1        unsigned char time_out;
  44   1        time_out=0x00;
  45   1        SBUF = dat;       //将数据放入SBUF中
  46   1        while((!TI)&&(time_out<100))  //检测是否发送出去
  47   1        {time_out++;DelayUs2x(10);} //未发送出去 进行短暂延时
  48   1        TI = 0;           //清除ti标志
  49   1      }
  50          
  51          void uartSendStr(unsigned char *s,unsigned char length)
  52          {
  53   1        unsigned char NUM;
  54   1        NUM=0x00;
C51 COMPILER V9.53.0.0   SENDMESSAGE                                                       05/15/2019 13:52:04 PAGE 2   

  55   1        while(NUM<length) //发送长度对比
  56   1        {
  57   2          uartSendByte(*s);  //放松单字节数据
  58   2          s++;      //指针++
  59   2          NUM++;      //下一个++
  60   2        }
  61   1      }
  62          void UART_SER (void) interrupt 4 //串行中断服务程序
  63          {
  64   1        unsigned char u_buf;
  65   1        if(RI)                        //判断是接收中断产生
  66   1        {
  67   2          RI=0;                      //标志位清零
  68   2          u_buf = SBUF;
  69   2        }
  70   1        if(TI)  //如果是发送标志位，清零
  71   1          TI=0;
  72   1      }
  73          


MODULE INFORMATION:   STATIC OVERLAYABLE
   CODE SIZE        =    230    ----
   CONSTANT SIZE    =   ----    ----
   XDATA SIZE       =   ----    ----
   PDATA SIZE       =   ----    ----
   DATA SIZE        =   ----       7
   IDATA SIZE       =   ----    ----
   BIT SIZE         =   ----    ----
END OF MODULE INFORMATION.


C51 COMPILATION COMPLETE.  0 WARNING(S),  0 ERROR(S)
